<?xml version="1.0" encoding="UTF-8"?>
<testsuites name="ContactMap.org Jest Tests" tests="19" failures="0" time="7.8">
  <testsuite name="SiteHeader" errors="0" failures="0" skipped="0" timestamp="2019-09-19T21:23:18" time="1.903" tests="2">
    <testcase classname="SiteHeader" name="Should match existing snapshot when no props are provided." time="0.015">
    </testcase>
    <testcase classname="SiteHeader" name="Should update the menu buttons when changing pages." time="0.025">
    </testcase>
  </testsuite>
  <testsuite name="FolderUploadComponent" errors="0" failures="0" skipped="0" timestamp="2019-09-19T21:23:18" time="4.617" tests="1">
    <testcase classname="FolderUploadComponent" name="Should match existing snapshot when no props are provided." time="0.009">
    </testcase>
  </testsuite>
  <testsuite name="ManuscriptPage" errors="0" failures="0" skipped="0" timestamp="2019-09-19T21:23:18" time="4.901" tests="1">
    <testcase classname="ManuscriptPage" name="Should match existing snapshot when no props are provided." time="0.009">
    </testcase>
  </testsuite>
  <testsuite name="ErrorMessageComponent" errors="0" failures="0" skipped="0" timestamp="2019-09-19T21:23:18" time="4.896" tests="5">
    <testcase classname="ErrorMessageComponent" name="Should be empty when no props are provided." time="0.009">
    </testcase>
    <testcase classname="ErrorMessageComponent" name="Should print a error message when given one." time="0.004">
    </testcase>
    <testcase classname="ErrorMessageComponent" name="Should be empty when pdb is available but no mismatches present." time="0.011">
    </testcase>
    <testcase classname="ErrorMessageComponent" name="Should print error message when pdb is available but no mismatches present." time="0.001">
    </testcase>
    <testcase classname="ErrorMessageComponent" name="Should print mismatches when they and PDB are present." time="0.004">
    </testcase>
  </testsuite>
  <testsuite name="ContactMapSitePage" errors="0" failures="0" skipped="0" timestamp="2019-09-19T21:23:18" time="5.143" tests="2">
    <testcase classname="ContactMapSitePage" name="Should match existing snapshot when no props are provided." time="0.011">
    </testcase>
    <testcase classname="ContactMapSitePage" name="Should update the menu buttons when changing pages." time="0.253">
    </testcase>
  </testsuite>
  <testsuite name="VisualizationPage" errors="0" failures="0" skipped="1" timestamp="2019-09-19T21:23:19" time="5.013" tests="8">
    <testcase classname="VisualizationPage" name="Should match existing snapshot when no props are provided." time="0.016">
    </testcase>
    <testcase classname="VisualizationPage" name="Should match existing snapshot when hooked up to a Redux store." time="0.295">
    </testcase>
    <testcase classname="VisualizationPage" name="Should match existing snapshot when given a PDB." time="0.016">
    </testcase>
    <testcase classname="VisualizationPage" name="Should match existing snapshot when using closest proximity." time="0.006">
    </testcase>
    <testcase classname="VisualizationPage" name="Should match existing snapshot when using c-alpha proximity." time="0.006">
    </testcase>
    <testcase classname="VisualizationPage" name="Should handle files/folders being dragged." time="0">
      <skipped/>
    </testcase>
    <testcase classname="VisualizationPage" name="Should handle parsing the secondary structure from the distance_map_multimer file." time="0.033">
    </testcase>
    <testcase classname="VisualizationPage" name="Should call the right functions when clearing data." time="0.167">
    </testcase>
  </testsuite>
</testsuites>